// Vitest Snapshot v1, https://vitest.dev/guide/snapshot.html

exports[`AllActivities.vue > renders all activities list correctly matches snapshot 1`] = `
"<div data-v-25471d6e="" class="card result-card">
  <div data-v-25471d6e="" class="result-card-header">
    <h3 data-v-25471d6e="">🌐 全校所有活动</h3>
  </div>
  <div data-v-25471d6e="" class="all-activities-container">
    <!-- Search Box -->
    <div data-v-25471d6e="" class="activity-search-wrapper"><input data-v-25471d6e="" placeholder="🔍 搜索活动名称或关联兴趣标签..." class="activity-search-input"></div><!-- Activities List -->
    <div data-v-25471d6e="" class="activities-scroll-area">
      <div data-v-25471d6e="" class="activities-grid">
        <div data-v-25471d6e="" class="activity-card-item">
          <div data-v-25471d6e="" class="activity-card-header-row">
            <div data-v-25471d6e="" class="header-left"><span data-v-25471d6e="" class="activity-card-icon">🎉</span>
              <h4 data-v-25471d6e="" class="activity-card-title" title="创新沙龙">创新沙龙</h4>
            </div>
            <div data-v-25471d6e="" class="activity-card-tags-right"><span data-v-25471d6e="" class="activity-tag-chip tag-social"># 技术</span></div>
          </div>
          <div data-v-25471d6e="" class="activity-card-footer">
            <div data-v-25471d6e="" class="activity-card-members"><span data-v-25471d6e="" class="members-icon">👥</span><span data-v-25471d6e="" class="members-text">1 人已报名</span></div>
            <div data-v-25471d6e="" class="action-buttons">
              <!--v-if-->
            </div>
          </div>
        </div>
      </div>
    </div>
  </div>
</div>"
`;
