// Vitest Snapshot v1, https://vitest.dev/guide/snapshot.html

exports[`AllActivities.vue > renders all activities list correctly matches snapshot 1`] = `
"<div data-v-25471d6e="" class="card result-card">
  <div class="result-card-header" data-v-25471d6e="">
    <h3 data-v-25471d6e=""><svg class="icon-svg" viewBox="0 0 24 24" width="14" height="14" fill="none" stroke="currentColor" stroke-width="2.5" data-v-25471d6e="">
        <circle cx="12" cy="12" r="10" data-v-25471d6e=""></circle>
        <line x1="2" y1="12" x2="22" y2="12" data-v-25471d6e=""></line>
        <path d="M12 2a15.3 15.3 0 0 1 4 10 15.3 15.3 0 0 1-4 10 15.3 15.3 0 0 1-4-10 15.3 15.3 0 0 1 4-10z" data-v-25471d6e=""></path>
      </svg> 全校所有活动 </h3>
  </div>
  <div data-v-25471d6e="" class="all-activities-container">
    <!-- Search Box -->
    <div data-v-25471d6e="" class="activity-search-wrapper"><svg data-v-25471d6e="" class="icon-svg" viewBox="0 0 24 24" width="11" height="11" fill="none" stroke="currentColor" stroke-width="2.5" style="margin-right: 6px; opacity: 0.5;">
        <circle data-v-25471d6e="" cx="11" cy="11" r="8"></circle>
        <line data-v-25471d6e="" x1="21" y1="21" x2="16.65" y2="16.65"></line>
      </svg><input data-v-25471d6e="" placeholder="搜索活动名称或关联兴趣标签..." class="activity-search-input"></div><!-- Activities List -->
    <div data-v-25471d6e="" class="activities-scroll-area">
      <div data-v-25471d6e="" class="activities-grid">
        <div data-v-25471d6e="" class="activity-card-item">
          <div data-v-25471d6e="" class="activity-card-header-row">
            <div data-v-25471d6e="" class="header-left"><span class="activity-card-icon" style="display:inline-flex;align-items:center;color:var(--accent-cyan);" data-v-25471d6e=""><svg class="icon-svg" viewBox="0 0 24 24" width="12" height="12" fill="none" stroke="currentColor" stroke-width="2.5" data-v-25471d6e=""><rect x="3" y="4" width="18" height="18" rx="2" ry="2" data-v-25471d6e=""></rect><line x1="16" y1="2" x2="16" y2="6" data-v-25471d6e=""></line><line x1="8" y1="2" x2="8" y2="6" data-v-25471d6e=""></line><line x1="3" y1="10" x2="21" y2="10" data-v-25471d6e=""></line></svg></span>
              <h4 data-v-25471d6e="" class="activity-card-title" title="创新沙龙">创新沙龙</h4>
            </div>
            <div data-v-25471d6e="" class="activity-card-tags-right"><span data-v-25471d6e="" class="activity-tag-chip tag-social"># 技术</span></div>
          </div>
          <div data-v-25471d6e="" class="activity-card-footer">
            <div data-v-25471d6e="" class="activity-card-members"><span data-v-25471d6e="" class="members-icon" style="display: inline-flex; align-items: center; margin-right: 4px; vertical-align: -1px; color: var(--color-subtext);"><svg data-v-25471d6e="" class="icon-svg" viewBox="0 0 24 24" width="11" height="11" fill="none" stroke="currentColor" stroke-width="2.5"><path data-v-25471d6e="" d="M17 21v-2a4 4 0 0 0-4-4H5a4 4 0 0 0-4 4v2"></path><circle data-v-25471d6e="" cx="9" cy="7" r="4"></circle></svg></span><span data-v-25471d6e="" class="members-text">1 人已报名</span></div>
            <div data-v-25471d6e="" class="action-buttons">
              <!--v-if-->
            </div>
          </div>
        </div>
      </div>
    </div>
  </div>
</div>"
`;
