// Vitest Snapshot v1, https://vitest.dev/guide/snapshot.html

exports[`BuddyList.vue > should render buddies list correctly matches snapshot 1`] = `
"<div data-v-720877be="" class="card result-card">
  <h3 data-v-720877be="">🤝 兴趣契合的活动搭子</h3><!-- Shortest Path Finder (人脉搭桥) -->
  <!-- Shortest Path Finder (人脉搭桥) -->
  <div data-v-63baa147="" data-v-720877be="" class="pathfinder-container">
    <h4 data-v-63baa147="">🔍 BFS 人脉社交通路寻人</h4>
    <div data-v-63baa147="" class="pathfinder-search-row"><input data-v-63baa147="" placeholder="输入同学姓名，寻找最短相识通路..." class="pathfinder-input"><button data-v-63baa147="" class="btn btn-xs btn-secondary glow-cyan">寻找连结</button></div><!-- Auto-suggestions for path target -->
    <!--v-if-->
    <!-- Path finder result -->
    <!--v-if-->
  </div><!-- Jaccard-ranked buddy list -->
  <ul data-v-720877be="" class="buddy-list">
    <li data-v-720877be="" class="path-item">
      <div data-v-720877be="" class="buddy-row">
        <div data-v-720877be="" class="path-flow"><span data-v-720877be="" class="node student">Alice <!--v-if--></span><span data-v-720877be="" class="arrow">➔</span><span data-v-720877be="" class="node interest"></span><span data-v-720877be="" class="arrow">➔</span><span data-v-720877be="" class="node student">Bob <!--v-if--></span></div><!-- Jaccard badge -->
        <div data-v-720877be="" class="jaccard-badge" title="Jaccard 相似度: 67%"><span data-v-720877be="" class="jaccard-icon">🎯</span><span data-v-720877be="" class="jaccard-count">2个共同</span><span data-v-720877be="" class="jaccard-score">67%</span></div>
      </div>
    </li>
  </ul>
</div>"
`;
