// Vitest Snapshot v1, https://vitest.dev/guide/snapshot.html

exports[`RecommendedActivities.vue > renders recommended activities list correctly matches snapshot 1`] = `
"<div data-v-a54913d8="" class="card result-card">
  <div class="result-card-header" data-v-a54913d8="">
    <h3 data-v-a54913d8=""><svg class="icon-svg" viewBox="0 0 24 24" width="14" height="14" fill="none" stroke="currentColor" stroke-width="2.5" data-v-a54913d8="">
        <circle cx="12" cy="12" r="10" data-v-a54913d8=""></circle>
        <circle cx="12" cy="12" r="6" data-v-a54913d8=""></circle>
        <circle cx="12" cy="12" r="2" data-v-a54913d8=""></circle>
      </svg> 智能推荐活动 </h3>
  </div><!-- Interest Filter Tabs -->
  <div data-v-a54913d8="" class="interest-filters"><button data-v-a54913d8="" class="filter-pill tab-active"><span data-v-a54913d8="" style="display: inline-flex; align-items: center; margin-right: 4px; vertical-align: -1px;"><svg data-v-a54913d8="" class="icon-svg" viewBox="0 0 24 24" width="11" height="11" fill="none" stroke="currentColor" stroke-width="2.5"><polygon data-v-a54913d8="" points="12 2 15.09 8.26 22 9.27 17 14.14 18.18 21.02 12 17.77 5.82 21.02 7 14.14 2 9.27 8.91 8.26 12 2"></polygon></svg></span> 全部推荐</button><button data-v-a54913d8="" class="filter-pill">
      <!--v-if--> 篮球
    </button></div><!-- Activity Cards Container -->
  <div data-v-a54913d8="" class="activities-scroll-area">
    <div data-v-a54913d8="" class="activities-grid">
      <div data-v-a54913d8="" class="activity-card-item">
        <!-- Activity Title & Header -->
        <div data-v-a54913d8="" class="activity-card-header-row">
          <div data-v-a54913d8="" class="header-left"><span data-v-a54913d8="" class="activity-card-icon" style="display: inline-flex; align-items: center; color: var(--color-accent);"><svg data-v-a54913d8="" class="icon-svg" viewBox="0 0 24 24" width="12" height="12" fill="none" stroke="currentColor" stroke-width="2.5"><circle data-v-a54913d8="" cx="12" cy="12" r="10"></circle><circle data-v-a54913d8="" cx="12" cy="12" r="4"></circle></svg></span>
            <h4 data-v-a54913d8="" class="activity-card-title" title="校长杯篮球赛">校长杯篮球赛</h4>
          </div>
          <div data-v-a54913d8="" class="activity-card-tags-right"><span data-v-a54913d8="" class="activity-tag-chip tag-sports"># 篮球</span></div>
        </div><!-- Network Flow Path (Visualization) -->
        <div data-v-a54913d8="" class="network-flow-path">
          <div data-v-a54913d8="" class="flow-step"><span data-v-a54913d8="" class="flow-node node-student" title="您">Alice</span><span data-v-a54913d8="" class="flow-arrow">➔</span><span data-v-a54913d8="" class="flow-node node-interest" title="匹配兴趣: 篮球">篮球</span><span data-v-a54913d8="" class="flow-arrow">➔</span><span data-v-a54913d8="" class="flow-node node-activity" title="推荐活动: 校长杯篮球赛">校长杯篮球赛</span></div>
        </div><!-- Buddy match reason (compact) -->
        <div data-v-a54913d8="" class="match-reason-line"><span data-v-a54913d8="" class="recommend-reason-text" style="display: inline-flex; align-items: center; gap: 4px;"><svg data-v-a54913d8="" class="icon-svg" viewBox="0 0 24 24" width="11" height="11" fill="none" stroke="currentColor" stroke-width="2.5" style="vertical-align: -1px; color: var(--color-accent);"><path data-v-a54913d8="" d="M9 18h6"></path><path data-v-a54913d8="" d="M10 22h4"></path><path data-v-a54913d8="" d="M15.09 14c.18-.33.3-.68.37-1.04A5 5 0 0 0 16 9a5 5 0 0 0-10 0 5 5 0 0 0 .54 2.96c.07.36.19.7.37 1.04l1.59 2h7l1.59-2z"></path></svg> 基于共同兴趣推荐 </span></div><!-- Footer & Actions -->
        <div data-v-a54913d8="" class="activity-card-footer">
          <div data-v-a54913d8="" class="activity-card-members"><span data-v-a54913d8="" class="members-icon" style="display: inline-flex; align-items: center; margin-right: 4px; vertical-align: -1px; color: var(--color-subtext);"><svg data-v-a54913d8="" class="icon-svg" viewBox="0 0 24 24" width="11" height="11" fill="none" stroke="currentColor" stroke-width="2.5"><path data-v-a54913d8="" d="M17 21v-2a4 4 0 0 0-4-4H5a4 4 0 0 0-4 4v2"></path><circle data-v-a54913d8="" cx="9" cy="7" r="4"></circle></svg></span><span data-v-a54913d8="" class="members-text">0 人已报名</span></div>
          <div data-v-a54913d8="" class="action-buttons">
            <!--v-if-->
          </div>
        </div>
      </div>
    </div>
  </div>
</div>"
`;
